<html>
<body>
<pre>
<h1>µVision Build Log</h1>
<h2>Tool Versions:</h2>
IDE-Version: µVision V5.33.0.0
Copyright (C) 2020 ARM Ltd and ARM Germany GmbH. All rights reserved.
License Information: Youssef Sherif, AUC, LIC=----
 
Tool Versions:
Toolchain:       MDK-Lite  Version: 5.33.0.0
Toolchain Path:  C:\Keil_v5\ARM\ARMCC\Bin
C Compiler:      Armcc.exe V5.06 update 7 (build 960)
Assembler:       Armasm.exe V5.06 update 7 (build 960)
Linker/Locator:  ArmLink.exe V5.06 update 7 (build 960)
Library Manager: ArmAr.exe V5.06 update 7 (build 960)
Hex Converter:   FromElf.exe V5.06 update 7 (build 960)
CPU DLL:         SARMCM3.DLL V5.33.0.0
Dialog DLL:      DCM.DLL V1.17.3.0
Target DLL:      STLink\ST-LINKIII-KEIL_SWO.dll V3.0.8.0
Dialog DLL:      TCM.DLL V1.48.0.0
 
<h2>Project:</h2>
C:\Users\Yusuf\Desktop\Embedded-Cooperative-Scheduler\STM32\MDK-ARM\STM32.uvprojx
Project File Date:  04/14/2021

<h2>Output:</h2>
*** Using Compiler 'V5.06 update 7 (build 960)', folder: 'C:\Keil_v5\ARM\ARMCC\Bin'
Build target 'STM32'
assembling startup_stm32l432xx.s...
compiling stm32l4xx_hal_timebase_tim.c...
compiling stm32l4xx_it.c...
compiling stm32l4xx_hal_msp.c...
compiling stm32l4xx_hal.c...
compiling main.c...
../Core/Src/main.c(81): warning:  #188-D: enumerated type mixed with another type
  		HAL_GPIO_WritePin(TRIG_GPIO_Port, TRIG_Pin, 0);
../Core/Src/main.c(84): warning:  #188-D: enumerated type mixed with another type
  		HAL_GPIO_WritePin(TRIG_GPIO_Port, TRIG_Pin, 1);
../Core/Src/main.c(99): warning:  #188-D: enumerated type mixed with another type
  		HAL_GPIO_WritePin(TRIG_GPIO_Port, TRIG_Pin, 0);
../Core/Src/main.c(107): warning:  #1035-D: single-precision operand implicitly converted to double-precision
  		volatile float distance = (numTicks + 0.0f)*2.8*var;
../Core/Src/main.c(109): warning:  #167-D: argument of type "uint8_t *" is incompatible with parameter of type "char *restrict"
  		sprintf(uartBuf, "Distance (cm)  = %.1f\r\n", distance);
../Core/Src/main.c(110): warning:  #167-D: argument of type "uint8_t *" is incompatible with parameter of type "const char *"
  		HAL_UART_Transmit(&huart2, (uint8_t *)uartBuf, strlen(uartBuf), 100);
../Core/Src/main.c(112): warning:  #188-D: enumerated type mixed with another type
  		HAL_GPIO_WritePin(GPIOA, GPIO_PIN_7,1);
../Core/Src/main.c(114): warning:  #188-D: enumerated type mixed with another type
  		HAL_GPIO_WritePin(GPIOA, GPIO_PIN_7,0);
../Core/Src/main.c(143): warning:  #188-D: enumerated type mixed with another type
  			HAL_GPIO_WritePin(GPIOB,GPIO_PIN_0,0);
../Core/Src/main.c(146): warning:  #188-D: enumerated type mixed with another type
  			HAL_GPIO_WritePin(GPIOB,GPIO_PIN_0,1);
../Core/Src/main.c(162): warning:  #188-D: enumerated type mixed with another type
  		HAL_GPIO_WritePin(GPIOB,GPIO_PIN_0,0);
../Core/Src/main.c(231): warning:  #167-D: argument of type "void (*)()" is incompatible with parameter of type "volatile void (*)()"
  	QueTask(&readyQueue, &TaskA, 1);
../Core/Src/main.c(232): warning:  #167-D: argument of type "void (*)()" is incompatible with parameter of type "volatile void (*)()"
  	QueTask(&readyQueue, &TaskB, 0);
../Core/Src/main.c(247): warning:  #167-D: argument of type "uint8_t *" is incompatible with parameter of type "const char *"
  	temp_threshold = atoi((uart_buffer));
../Core/Src/main.c: 14 warnings, 0 errors
compiling stm32l4xx_hal_adc_ex.c...
compiling stm32l4xx_hal_adc.c...
compiling stm32l4xx_hal_flash_ramfunc.c...
compiling stm32l4xx_hal_i2c_ex.c...
compiling stm32l4xx_hal_flash_ex.c...
compiling stm32l4xx_hal_flash.c...
compiling stm32l4xx_hal_rcc.c...
compiling stm32l4xx_hal_rcc_ex.c...
compiling stm32l4xx_hal_i2c.c...
compiling stm32l4xx_hal_dma_ex.c...
compiling stm32l4xx_hal_pwr.c...
compiling stm32l4xx_hal_gpio.c...
compiling stm32l4xx_hal_dma.c...
compiling stm32l4xx_hal_cortex.c...
compiling stm32l4xx_hal_exti.c...
compiling stm32l4xx_hal_pwr_ex.c...
compiling stm32l4xx_hal_uart_ex.c...
compiling system_stm32l4xx.c...
compiling stm32l4xx_hal_tim_ex.c...
compiling stm32l4xx_hal_uart.c...
compiling stm32l4xx_hal_tim.c...
linking...
Program Size: Code=13020 RO-data=636 RW-data=36 ZI-data=2292  
FromELF: creating hex file...
"STM32\STM32.axf" - 0 Error(s), 14 Warning(s).

<h2>Software Packages used:</h2>

Package Vendor: ARM
                http://www.keil.com/pack/ARM.CMSIS.5.7.0.pack
                ARM.CMSIS.5.7.0
                CMSIS (Cortex Microcontroller Software Interface Standard)
   * Component: CORE Version: 5.4.0

Package Vendor: Keil
                http://www.keil.com/pack/Keil.STM32L4xx_DFP.2.5.0.pack
                Keil.STM32L4xx_DFP.2.5.0
                STMicroelectronics STM32L4 Series Device Support, Drivers and Examples

<h2>Collection of Component include folders:</h2>
  .\RTE\_STM32
  C:\Users\Yusuf\AppData\Local\Arm\Packs\ARM\CMSIS\5.7.0\CMSIS\Core\Include
  C:\Users\Yusuf\AppData\Local\Arm\Packs\Keil\STM32L4xx_DFP\2.5.0\Drivers\CMSIS\Device\ST\STM32L4xx\Include

<h2>Collection of Component Files used:</h2>

   * Component: ARM::CMSIS:CORE:5.4.0
Build Time Elapsed:  00:00:32
</pre>
</body>
</html>
